// Jest Snapshot v1, https://goo.gl/fbAQLP

exports[`Quotes Component Should match spanshot 1`] = `
<div
  className="quotes-main-container"
>
  <div
    className="overlay-calculator quotes"
  />
  <div
    className="quote-area d-flex justify-content-center align-items-center flex-column"
  >
    <h3
      className="quote-title"
    >
      Mathmatical Quotes
    </h3>
    <hr
      className="diviser"
    />
    <p
      className="text-center"
    >
      Mathematics is not about numbers, equations, computations, or algorithms: it is about understanding
      <br />
      <i>
        William Paul Thurston
      </i>
    </p>
  </div>
</div>
`;
